// Jest Snapshot v1, https://goo.gl/fbAQLP

exports[`TagList renders correctly 1`] = `
<View>
  <View
    style={
      Object {
        "flex": 0,
        "flexDirection": "row",
        "justifyContent": "space-between",
      }
    }
  >
    <Text
      style={
        Array [
          Object {
            "color": "#000000",
            "fontFamily": "System",
            "fontWeight": "400",
            "textAlign": "left",
          },
          undefined,
        ]
      }
    >
      Tags
    </Text>
    <View
      accessibilityRole="button"
      accessibilityState={
        Object {
          "disabled": undefined,
        }
      }
      accessible={true}
      focusable={true}
      hitSlop={
        Object {
          "bottom": 6,
          "left": 6,
          "right": 6,
          "top": 6,
        }
      }
      onClick={[Function]}
      onResponderGrant={[Function]}
      onResponderMove={[Function]}
      onResponderRelease={[Function]}
      onResponderTerminate={[Function]}
      onResponderTerminationRequest={[Function]}
      onStartShouldSetResponder={[Function]}
      style={
        Array [
          Object {
            "overflow": "hidden",
          },
          Array [
            Object {
              "alignItems": "center",
              "justifyContent": "center",
              "margin": 6,
              "overflow": "hidden",
            },
            Object {
              "borderRadius": 18,
              "height": 36,
              "width": 36,
            },
            undefined,
            undefined,
          ],
        ]
      }
    >
      <View>
        <Text
          accessibilityElementsHidden={true}
          allowFontScaling={false}
          importantForAccessibility="no-hide-descendants"
          pointerEvents="none"
          selectable={false}
          style={
            Array [
              Object {
                "color": "#000000",
                "fontSize": 24,
              },
              Array [
                Object {
                  "lineHeight": 24,
                  "transform": Array [
                    Object {
                      "scaleX": 1,
                    },
                  ],
                },
                Object {
                  "backgroundColor": "transparent",
                },
              ],
              Object {
                "fontFamily": "Material Design Icons",
                "fontStyle": "normal",
                "fontWeight": "normal",
              },
              Object {},
            ]
          }
        >
          ó°£•
        </Text>
      </View>
    </View>
  </View>
  <View>
    <View>
      <View
        style={
          Object {
            "backgroundColor": "#ebebeb",
            "borderColor": "#ebebeb",
            "borderRadius": 16,
            "borderStyle": "solid",
            "borderWidth": 0.5,
            "elevation": 0,
            "flexDirection": "row",
          }
        }
      >
        <View
          accessibilityRole="button"
          accessibilityState={
            Object {
              "disabled": false,
              "selected": false,
            }
          }
          accessible={true}
          focusable={false}
          onClick={[Function]}
          onResponderGrant={[Function]}
          onResponderMove={[Function]}
          onResponderRelease={[Function]}
          onResponderTerminate={[Function]}
          onResponderTerminationRequest={[Function]}
          onStartShouldSetResponder={[Function]}
          style={
            Array [
              Object {
                "overflow": "hidden",
              },
              Object {
                "borderRadius": 16,
              },
            ]
          }
        >
          <View
            style={
              Array [
                Object {
                  "alignItems": "center",
                  "flexDirection": "row",
                  "paddingLeft": 4,
                  "position": "relative",
                },
                Object {
                  "paddingRight": 4,
                },
              ]
            }
          >
            <Text
              numberOfLines={1}
              selectable={false}
              style={
                Array [
                  Object {
                    "color": "#000000",
                    "fontFamily": "System",
                    "fontWeight": "400",
                    "textAlign": "left",
                  },
                  Array [
                    Object {
                      "lineHeight": 24,
                      "marginVertical": 4,
                      "minHeight": 24,
                      "textAlignVertical": "center",
                    },
                    Object {
                      "color": "rgba(0, 0, 0, 0.87)",
                      "fontFamily": "System",
                      "fontWeight": "400",
                      "marginLeft": 8,
                      "marginRight": 8,
                    },
                    undefined,
                  ],
                ]
              }
            >
              Artificial Precipitation
            </Text>
          </View>
        </View>
      </View>
      <View
        style={
          Object {
            "backgroundColor": "#ebebeb",
            "borderColor": "#ebebeb",
            "borderRadius": 16,
            "borderStyle": "solid",
            "borderWidth": 0.5,
            "elevation": 0,
            "flexDirection": "row",
          }
        }
      >
        <View
          accessibilityRole="button"
          accessibilityState={
            Object {
              "disabled": false,
              "selected": false,
            }
          }
          accessible={true}
          focusable={false}
          onClick={[Function]}
          onResponderGrant={[Function]}
          onResponderMove={[Function]}
          onResponderRelease={[Function]}
          onResponderTerminate={[Function]}
          onResponderTerminationRequest={[Function]}
          onStartShouldSetResponder={[Function]}
          style={
            Array [
              Object {
                "overflow": "hidden",
              },
              Object {
                "borderRadius": 16,
              },
            ]
          }
        >
          <View
            style={
              Array [
                Object {
                  "alignItems": "center",
                  "flexDirection": "row",
                  "paddingLeft": 4,
                  "position": "relative",
                },
                Object {
                  "paddingRight": 4,
                },
              ]
            }
          >
            <Text
              numberOfLines={1}
              selectable={false}
              style={
                Array [
                  Object {
                    "color": "#000000",
                    "fontFamily": "System",
                    "fontWeight": "400",
                    "textAlign": "left",
                  },
                  Array [
                    Object {
                      "lineHeight": 24,
                      "marginVertical": 4,
                      "minHeight": 24,
                      "textAlignVertical": "center",
                    },
                    Object {
                      "color": "rgba(0, 0, 0, 0.87)",
                      "fontFamily": "System",
                      "fontWeight": "400",
                      "marginLeft": 8,
                      "marginRight": 8,
                    },
                    undefined,
                  ],
                ]
              }
            >
              Energy
            </Text>
          </View>
        </View>
      </View>
      <View
        style={
          Object {
            "backgroundColor": "#ebebeb",
            "borderColor": "#ebebeb",
            "borderRadius": 16,
            "borderStyle": "solid",
            "borderWidth": 0.5,
            "elevation": 0,
            "flexDirection": "row",
          }
        }
      >
        <View
          accessibilityRole="button"
          accessibilityState={
            Object {
              "disabled": false,
              "selected": false,
            }
          }
          accessible={true}
          focusable={false}
          onClick={[Function]}
          onResponderGrant={[Function]}
          onResponderMove={[Function]}
          onResponderRelease={[Function]}
          onResponderTerminate={[Function]}
          onResponderTerminationRequest={[Function]}
          onStartShouldSetResponder={[Function]}
          style={
            Array [
              Object {
                "overflow": "hidden",
              },
              Object {
                "borderRadius": 16,
              },
            ]
          }
        >
          <View
            style={
              Array [
                Object {
                  "alignItems": "center",
                  "flexDirection": "row",
                  "paddingLeft": 4,
                  "position": "relative",
                },
                Object {
                  "paddingRight": 4,
                },
              ]
            }
          >
            <Text
              numberOfLines={1}
              selectable={false}
              style={
                Array [
                  Object {
                    "color": "#000000",
                    "fontFamily": "System",
                    "fontWeight": "400",
                    "textAlign": "left",
                  },
                  Array [
                    Object {
                      "lineHeight": 24,
                      "marginVertical": 4,
                      "minHeight": 24,
                      "textAlignVertical": "center",
                    },
                    Object {
                      "color": "rgba(0, 0, 0, 0.87)",
                      "fontFamily": "System",
                      "fontWeight": "400",
                      "marginLeft": 8,
                      "marginRight": 8,
                    },
                    undefined,
                  ],
                ]
              }
            >
              Quantum Computing
            </Text>
          </View>
        </View>
      </View>
      <View
        style={
          Object {
            "backgroundColor": "#ebebeb",
            "borderColor": "#ebebeb",
            "borderRadius": 16,
            "borderStyle": "solid",
            "borderWidth": 0.5,
            "elevation": 0,
            "flexDirection": "row",
          }
        }
      >
        <View
          accessibilityRole="button"
          accessibilityState={
            Object {
              "disabled": false,
              "selected": false,
            }
          }
          accessible={true}
          focusable={false}
          onClick={[Function]}
          onResponderGrant={[Function]}
          onResponderMove={[Function]}
          onResponderRelease={[Function]}
          onResponderTerminate={[Function]}
          onResponderTerminationRequest={[Function]}
          onStartShouldSetResponder={[Function]}
          style={
            Array [
              Object {
                "overflow": "hidden",
              },
              Object {
                "borderRadius": 16,
              },
            ]
          }
        >
          <View
            style={
              Array [
                Object {
                  "alignItems": "center",
                  "flexDirection": "row",
                  "paddingLeft": 4,
                  "position": "relative",
                },
                Object {
                  "paddingRight": 4,
                },
              ]
            }
          >
            <Text
              numberOfLines={1}
              selectable={false}
              style={
                Array [
                  Object {
                    "color": "#000000",
                    "fontFamily": "System",
                    "fontWeight": "400",
                    "textAlign": "left",
                  },
                  Array [
                    Object {
                      "lineHeight": 24,
                      "marginVertical": 4,
                      "minHeight": 24,
                      "textAlignVertical": "center",
                    },
                    Object {
                      "color": "rgba(0, 0, 0, 0.87)",
                      "fontFamily": "System",
                      "fontWeight": "400",
                      "marginLeft": 8,
                      "marginRight": 8,
                    },
                    undefined,
                  ],
                ]
              }
            >
              Biotechnology
            </Text>
          </View>
        </View>
      </View>
    </View>
  </View>
</View>
`;
